PASS 大厅拉取到公开房间列表 · 列表: "还没有人开房间。选好转速赛还是道具赛，点“创建房间”当第一个车主。"
PASS 大厅有创建房间控件（地图/圈数/模式） · {"maps":4,"laps":"1","mode":"item","btn":true}
PASS A 进入房间并拿到房间码 · code=TEST
PASS B 加入同一房间 · TEST
PASS 大厅名单显示两名真人 · 2 行
PASS 双方都进入比赛阶段 · [true,true]
PASS A 的车在跑 · 本端 55.0 / 服务器 55.0 m/s = 198km/h
PASS B 的车在跑 · 本端 47.9 / 服务器 47.9 m/s
FAIL 预测误差未发散(<8m，含碰撞回滚) · A 67.168m / B 3.569m
PASS 本端 tick 未落后服务器超过 2 秒 · A 差 91 tick / B 差 8 tick
PASS 对手车辆模型已进入场景 · 5 台远端车
PASS 远端车模在相机附近可见 · 1 台可见
PASS B 的房间名单里有两名真人 · 2 人
PASS B 的场景里有 A 的车模
PASS 昵称在对手端正确显示 · 名单: 红队阿飞已准备蓝队小飞已准备漂移少女电脑氮气小王子电脑风之子电脑夜の车神电脑 / 比赛中: 风之子,夜の车神,氮气小王子,漂移少女,红队阿飞,蓝队小飞
PASS 服务器推送持续 · A 379 帧 / B 387 帧
PASS 延迟已测量并显示在 HUD · HUD: "延迟 16ms · 下行 86.5KB · 上行 1.1KB · 回滚 21" / "延迟 27ms · 下行 75.6KB · 上行 0.5KB · 回滚 6"
PASS 比赛 HUD 已切换为联机名次 · hud="1 风之子 2 夜の车神 3 氮气小王子 4 漂移少女 5 红队阿飞 6 蓝队小飞 1/1 圈数 L"
PASS 回滚次数很少（预测准确） · A 23 / B 10
PASS 预测误差未持续累积 · A 回滚 23 次 / B 10 次
PASS A 页面无脚本错误
PASS B 页面无脚本错误
PASS 断线后自动回线拿回原车位 · car 1 → 1 · 重连尝试 0
PASS 回线后继续收到快照 · 392 → 428
PASS 回线后本车对齐到服务器位置 · 偏差 0.00m
PASS 回线未把玩家弹回大厅 · state=race
PASS 联机道具模式已启用 · 道具箱 20 个 / 网格 20 个
PASS 道具状态从服务器流到客户端 · 当前 3 台车持有道具
PASS 道具箱网格数与规则层一致 · 20
PASS 对手掉线后仍在收快照 · 379 → 451

结果：29 通过 / 1 失败
